[UART] === Motor Firmware Simulator ===
[UART] Task started: encoder @ 1ms
[UART] Task started: pid @ 5ms
[UART] Task started: can @ 10ms
[UART] Task started: telemetry @ 50ms
[UART] SP=1500 RPM=0.0 PWM=100.0% TEMP=25.00C
[UART] SP=1500 RPM=236.4 PWM=100.0% TEMP=25.17C
[UART] SP=1500 RPM=474.5 PWM=100.0% TEMP=25.35C
[UART] SP=1500 RPM=682.8 PWM=100.0% TEMP=25.52C
[UART] SP=1500 RPM=873.9 PWM=100.0% TEMP=25.69C
[UART] SP=1500 RPM=1053.2 PWM=100.0% TEMP=25.86C
[UART] SP=1500 RPM=1206.6 PWM=100.0% TEMP=26.02C
[UART] SP=1500 RPM=1344.6 PWM=100.0% TEMP=26.17C
[UART] SP=1500 RPM=1427.3 PWM=73.8% TEMP=26.28C
[UART] SP=1500 RPM=1456.9 PWM=55.8% TEMP=26.33C
[UART] SP=1500 RPM=1469.0 PWM=52.0% TEMP=26.37C
[UART] SP=1500 RPM=1473.4 PWM=49.6% TEMP=26.41C
[UART] SP=1500 RPM=1475.0 PWM=49.5% TEMP=26.45C
[UART] SP=1500 RPM=1475.6 PWM=49.3% TEMP=26.48C
[UART] SP=1500 RPM=1475.9 PWM=49.3% TEMP=26.51C
[UART] SP=1500 RPM=1475.9 PWM=49.2% TEMP=26.55C
[UART] SP=1500 RPM=1476.0 PWM=49.2% TEMP=26.58C
[UART] SP=1500 RPM=1476.0 PWM=49.2% TEMP=26.62C
[UART] SP=1500 RPM=1476.0 PWM=49.2% TEMP=26.65C
[UART] SP=1500 RPM=1476.0 PWM=49.2% TEMP=26.69C
[UART] SP=1500 RPM=1476.0 PWM=49.2% TEMP=26.72C
[UART] SP=1500 RPM=1476.0 PWM=49.2% TEMP=26.75C
[UART] SP=1500 RPM=1476.0 PWM=49.2% TEMP=26.79C
[UART] SP=1500 RPM=1476.0 PWM=49.2% TEMP=26.82C
[UART] SP=1500 RPM=1476.0 PWM=49.2% TEMP=26.85C
[UART] SP=1500 RPM=1476.0 PWM=49.2% TEMP=26.89C
[UART] SP=1500 RPM=1476.0 PWM=49.2% TEMP=26.92C
[UART] SP=1500 RPM=1476.0 PWM=49.2% TEMP=26.95C
[UART] SP=1500 RPM=1476.0 PWM=49.2% TEMP=26.98C
[UART] SP=1500 RPM=1476.0 PWM=49.2% TEMP=27.02C
[UART] SP=1500 RPM=1476.0 PWM=49.2% TEMP=27.05C
[UART] SP=1500 RPM=1476.0 PWM=49.2% TEMP=27.08C
[UART] SP=1500 RPM=1476.0 PWM=49.2% TEMP=27.11C
[UART] SP=1500 RPM=1476.0 PWM=49.2% TEMP=27.14C
[UART] SP=1500 RPM=1476.0 PWM=49.2% TEMP=27.18C
[UART] SP=1500 RPM=1476.0 PWM=49.2% TEMP=27.21C
[UART] SP=1500 RPM=1476.0 PWM=49.2% TEMP=27.24C
[UART] SP=1500 RPM=1476.0 PWM=49.2% TEMP=27.27C
[UART] SP=1500 RPM=1476.0 PWM=49.2% TEMP=27.30C
[UART] SP=1500 RPM=1476.0 PWM=49.2% TEMP=27.33C
[UART] SP=1500 RPM=1476.0 PWM=49.2% TEMP=27.36C
[UART] SP=1500 RPM=1476.0 PWM=49.2% TEMP=27.39C
[UART] SP=1500 RPM=1476.0 PWM=49.2% TEMP=27.42C
[UART] SP=1500 RPM=1476.0 PWM=49.2% TEMP=27.45C
[UART] SP=1500 RPM=1476.0 PWM=49.2% TEMP=27.48C
[UART] SP=1500 RPM=1476.0 PWM=49.2% TEMP=27.51C
[UART] SP=1500 RPM=1476.0 PWM=49.2% TEMP=27.54C
[UART] SP=1500 RPM=1476.0 PWM=49.2% TEMP=27.57C
[UART] SP=1500 RPM=1476.0 PWM=49.2% TEMP=27.60C
[UART] SP=1500 RPM=1476.0 PWM=49.2% TEMP=27.63C
[UART] SP=1500 RPM=1476.0 PWM=49.2% TEMP=27.66C
[UART] SP=1500 RPM=1476.0 PWM=49.2% TEMP=27.69C
[UART] SP=1500 RPM=1476.0 PWM=49.2% TEMP=27.72C
[UART] SP=1500 RPM=1476.0 PWM=49.2% TEMP=27.75C
[UART] SP=1500 RPM=1476.0 PWM=49.2% TEMP=27.78C
[UART] SP=1500 RPM=1476.0 PWM=49.2% TEMP=27.81C
[UART] SP=1500 RPM=1476.0 PWM=49.2% TEMP=27.84C
[UART] SP=1500 RPM=1476.0 PWM=49.2% TEMP=27.86C
[UART] SP=1500 RPM=1476.0 PWM=49.2% TEMP=27.89C
[UART] SP=1500 RPM=1476.0 PWM=49.2% TEMP=27.92C
[UART] SP=1500 RPM=1476.0 PWM=49.2% TEMP=27.95C
[UART] SP=1500 RPM=1476.0 PWM=49.2% TEMP=27.98C
[UART] SP=1500 RPM=1476.0 PWM=49.2% TEMP=28.01C
[UART] SP=1500 RPM=1476.0 PWM=49.2% TEMP=28.04C
[UART] SP=1500 RPM=1476.0 PWM=49.2% TEMP=28.06C
[UART] SP=1500 RPM=1476.0 PWM=49.2% TEMP=28.09C
[UART] SP=1500 RPM=1476.0 PWM=49.2% TEMP=28.12C
[UART] SP=1500 RPM=1476.0 PWM=49.2% TEMP=28.15C
[UART] SP=1500 RPM=1476.0 PWM=49.2% TEMP=28.17C
[UART] SP=1500 RPM=1476.0 PWM=49.2% TEMP=28.20C
[UART] SP=1500 RPM=1476.0 PWM=49.2% TEMP=28.22C
[UART] SP=1500 RPM=1476.0 PWM=49.2% TEMP=28.25C
[UART] SP=1500 RPM=1476.0 PWM=49.2% TEMP=28.28C
[UART] SP=1500 RPM=1476.0 PWM=49.2% TEMP=28.30C
[UART] SP=1500 RPM=1476.0 PWM=49.2% TEMP=28.33C
[UART] SP=1500 RPM=1476.0 PWM=49.2% TEMP=28.36C
[UART] SP=1500 RPM=1476.0 PWM=49.2% TEMP=28.38C
[UART] SP=1500 RPM=1476.0 PWM=49.2% TEMP=28.41C
[UART] SP=1500 RPM=1476.0 PWM=49.2% TEMP=28.44C
[UART] SP=1500 RPM=1476.0 PWM=49.2% TEMP=28.46C
[UART] SP=1500 RPM=1476.0 PWM=49.2% TEMP=28.49C
[UART] SP=1500 RPM=1476.0 PWM=49.2% TEMP=28.52C
[UART] SP=1500 RPM=1476.0 PWM=49.2% TEMP=28.54C
[UART] SP=1500 RPM=1476.0 PWM=49.2% TEMP=28.57C
[UART] SP=1500 RPM=1476.0 PWM=49.2% TEMP=28.59C
[UART] SP=1500 RPM=1476.0 PWM=49.2% TEMP=28.62C
[UART] SP=1500 RPM=1476.0 PWM=49.2% TEMP=28.64C
[UART] SP=1500 RPM=1476.0 PWM=49.2% TEMP=28.67C
[UART] SP=1500 RPM=1476.0 PWM=49.2% TEMP=28.69C
[UART] SP=1500 RPM=1476.0 PWM=49.2% TEMP=28.72C
[UART] SP=1500 RPM=1476.0 PWM=49.2% TEMP=28.74C
[UART] SP=1500 RPM=1476.0 PWM=49.2% TEMP=28.77C
[UART] SP=1500 RPM=1476.0 PWM=49.2% TEMP=28.80C
[UART] SP=1500 RPM=1476.0 PWM=49.2% TEMP=28.82C
[UART] SP=1500 RPM=1476.0 PWM=49.2% TEMP=28.85C
[UART] SP=1500 RPM=1476.0 PWM=49.2% TEMP=28.87C
[UART] SP=1500 RPM=1476.0 PWM=49.2% TEMP=28.90C
[UART] SP=1500 RPM=1476.0 PWM=49.2% TEMP=28.92C
[UART] SP=1500 RPM=1476.0 PWM=49.2% TEMP=28.95C
[UART] SP=1500 RPM=1476.0 PWM=49.2% TEMP=28.97C
[UART] SP=1500 RPM=1476.0 PWM=49.2% TEMP=28.99C
[UART] SP=1500 RPM=1476.0 PWM=49.2% TEMP=29.02C
[UART] SP=1500 RPM=1476.0 PWM=49.2% TEMP=29.04C
[UART] SP=1500 RPM=1476.0 PWM=49.2% TEMP=29.07C
[UART] SP=1500 RPM=1476.0 PWM=49.2% TEMP=29.09C
[UART] SP=1500 RPM=1476.0 PWM=49.2% TEMP=29.11C
[UART] SP=1500 RPM=1476.0 PWM=49.2% TEMP=29.14C
[UART] SP=1500 RPM=1476.0 PWM=49.2% TEMP=29.16C
[UART] SP=1500 RPM=1476.0 PWM=49.2% TEMP=29.18C
[UART] SP=1500 RPM=1476.0 PWM=49.2% TEMP=29.21C
[UART] SP=1500 RPM=1476.0 PWM=49.2% TEMP=29.23C
[UART] SP=1500 RPM=1476.0 PWM=49.2% TEMP=29.25C
[UART] SP=1500 RPM=1476.0 PWM=49.2% TEMP=29.28C
[UART] SP=1500 RPM=1476.0 PWM=49.2% TEMP=29.30C
[UART] SP=1500 RPM=1476.0 PWM=49.2% TEMP=29.32C
[UART] SP=1500 RPM=1476.0 PWM=49.2% TEMP=29.35C
[UART] SP=1500 RPM=1476.0 PWM=49.2% TEMP=29.37C
[UART] SP=1500 RPM=1476.0 PWM=49.2% TEMP=29.39C
[UART] SP=1500 RPM=1476.0 PWM=49.2% TEMP=29.41C
[UART] SP=1500 RPM=1476.0 PWM=49.2% TEMP=29.43C
[UART] SP=1500 RPM=1476.0 PWM=49.2% TEMP=29.46C
[UART] SP=1500 RPM=1476.0 PWM=49.2% TEMP=29.48C
[UART] SP=1500 RPM=1476.0 PWM=49.2% TEMP=29.50C
[UART] SP=1500 RPM=1476.0 PWM=49.2% TEMP=29.52C
[UART] SP=1500 RPM=1476.0 PWM=49.2% TEMP=29.54C
[UART] SP=1500 RPM=1476.0 PWM=49.2% TEMP=29.57C
[UART] SP=1500 RPM=1476.0 PWM=49.2% TEMP=29.59C
[UART] SP=1500 RPM=1476.0 PWM=49.2% TEMP=29.61C
[UART] SP=1500 RPM=1476.0 PWM=49.2% TEMP=29.63C
[UART] SP=1500 RPM=1476.0 PWM=49.2% TEMP=29.65C
[UART] SP=1500 RPM=1476.0 PWM=49.2% TEMP=29.67C
[UART] SP=1500 RPM=1476.0 PWM=49.2% TEMP=29.69C
[UART] SP=1500 RPM=1476.0 PWM=49.2% TEMP=29.72C
[UART] SP=1500 RPM=1476.0 PWM=49.2% TEMP=29.74C
[UART] SP=1500 RPM=1476.0 PWM=49.2% TEMP=29.76C
[UART] SP=1500 RPM=1476.0 PWM=49.2% TEMP=29.78C
[UART] SP=1500 RPM=1476.0 PWM=49.2% TEMP=29.80C
[UART] SP=1500 RPM=1476.0 PWM=49.2% TEMP=29.82C
[UART] SP=1500 RPM=1476.0 PWM=49.2% TEMP=29.84C
[UART] SP=1500 RPM=1476.0 PWM=49.2% TEMP=29.86C
[UART] SP=1500 RPM=1476.0 PWM=49.2% TEMP=29.88C
[UART] SP=1500 RPM=1476.0 PWM=49.2% TEMP=29.90C
[UART] SP=1500 RPM=1476.0 PWM=49.2% TEMP=29.92C
[UART] SP=1500 RPM=1476.0 PWM=49.2% TEMP=29.94C
[UART] SP=1500 RPM=1476.0 PWM=49.2% TEMP=29.96C
[UART] SP=1500 RPM=1476.0 PWM=49.2% TEMP=29.98C
[UART] SP=1500 RPM=1476.0 PWM=49.2% TEMP=30.00C
[UART] SP=1500 RPM=1476.0 PWM=49.2% TEMP=30.02C
[UART] SP=1500 RPM=1476.0 PWM=49.2% TEMP=30.04C
[UART] SP=1500 RPM=1476.0 PWM=49.2% TEMP=30.06C
[UART] SP=1500 RPM=1476.0 PWM=49.2% TEMP=30.08C
[UART] SP=1500 RPM=1476.0 PWM=49.2% TEMP=30.10C
[UART] SP=1500 RPM=1476.0 PWM=49.2% TEMP=30.12C
[UART] SP=1500 RPM=1476.0 PWM=49.2% TEMP=30.14C
[UART] SP=1500 RPM=1476.0 PWM=49.2% TEMP=30.16C
[UART] SP=1500 RPM=1476.0 PWM=49.2% TEMP=30.18C
[UART] SP=1500 RPM=1476.0 PWM=49.2% TEMP=30.20C
[UART] SP=1500 RPM=1476.0 PWM=49.2% TEMP=30.22C
[UART] SP=1500 RPM=1476.0 PWM=49.2% TEMP=30.23C
[UART] SP=1500 RPM=1476.0 PWM=49.2% TEMP=30.25C
[UART] SP=1500 RPM=1476.0 PWM=49.2% TEMP=30.27C
[UART] SP=1500 RPM=1476.0 PWM=49.2% TEMP=30.29C
[UART] SP=1500 RPM=1476.0 PWM=49.2% TEMP=30.31C
[UART] SP=1500 RPM=1476.0 PWM=49.2% TEMP=30.33C
[UART] SP=1500 RPM=1476.0 PWM=49.2% TEMP=30.35C
[UART] SP=1500 RPM=1476.0 PWM=49.2% TEMP=30.37C
[UART] SP=1500 RPM=1476.0 PWM=49.2% TEMP=30.39C